// Vitest Snapshot v1

exports[`[Header Component]: Renders without error 1`] = `"<host q:version=\\"0.16.2\\" q:container=\\"resumed\\" q:render=\\"dom-dev\\"><!--qv q:key=WmYC:YD_1 data-qrl=QwikCityMockProvider_component_WmYC5H00wtI--><!--qv q:key q:sref=0 q:s--><!--qv q:key=VkLN:YD_0 data-qrl=layout_component_VkLNXphUh5s--><div class=\\"bg-slate-100 text-gray-900 dark:bg-slate-800 dark:text-gray-100 min-h-full grid grid-rows-[auto,1fr,auto]\\"><!--qv q:key=CedV:XF_0 data-qrl=Header_component_CedV26l7xxQ--><header><div class=\\"mx-auto max-w-screen-2xl px-8 py-8\\"><!--qv q:key=8gdL:SN_0 data-qrl=Link_component_8gdLBszqbaM--><a class=\\"text-lg underline underline-offset-2\\" href=\\"/\\" preventdefault:click=\\"\\"><!--qv q:key q:sref=4 q:s-->rshackleton.co.uk<!--/qv--></a><!--/qv--></div></header><!--/qv--><main class=\\"\\"><!--qv q:key q:sref=1 q:s-->Mock Content<!--/qv--></main><!--qv q:key=hg9U:XF_2 data-qrl=Footer_component_hg9USy095T4--><footer class=\\"mx-auto max-w-screen-2xl px-8 py-8\\"><p class=\\"text-sm\\">Â© Richard Shackleton</p></footer><!--/qv--></div><!--/qv--><!--/qv--><!--/qv--></host>"`;
